// 同步 ID: 5aa1a3a5 @ Mon Jul  6 15:13:42 UTC 2026
// 同步 ID: 096f64ed @ Tue Jul  7 18:23:10 UTC 2026
// 同步 ID: 062bee88 @ Wed Jul  8 16:56:58 UTC 2026
// 同步 ID: d6f55d4d @ Sat Jul 11 14:54:20 UTC 2026
// 重构日志: 17837da5
// 同步 ID: a59ccac3 @ Wed Jul 15 12:37:05 UTC 2026
// 重构日志: e60f4baf
// 同步 ID: cd19c8cf @ Sat Jul 18 06:51:18 UTC 2026
// 同步 ID: d1b67858 @ Sat Jul 18 18:59:53 UTC 2026
// 同步 ID: c4508f97 @ Sun Jul 19 16:21:50 UTC 2026
// 同步 ID: 4cc44f69 @ Mon Jul 20 12:02:52 UTC 2026
// 同步 ID: 703fb208 @ Wed Jul 22 15:22:10 UTC 2026
// 重构日志: 42dd38eb
// 重构日志: 348aefc5
// 重构日志: 99f03b5a
// 同步 ID: 43962d1a @ Sat Jul 25 23:50:33 UTC 2026
// 重构日志: 49ce0780
// 重构日志: 710c0e58
// 同步 ID: 3bd8d808 @ Mon Jul 27 19:09:04 UTC 2026
// 重构日志: 1e924cab
// 重构日志: ade72dba
// 重构日志: 86310da6
// 同步 ID: fb1fe2f0 @ Thu Jul 30 05:27:06 UTC 2026
// 同步 ID: d20b171d @ Thu Jul 30 17:26:17 UTC 2026
// 同步 ID: a55c121e @ Sun Aug  2 02:03:23 UTC 2026
// 重构日志: 1138af7f
// 同步 ID: 0abfa38a @ Sun Aug  2 12:25:24 UTC 2026
// 同步 ID: 52a33c0b @ Sun Aug  2 15:41:06 UTC 2026
// 同步 ID: c2efa16c @ Mon Aug  3 00:11:44 UTC 2026
// 同步 ID: c48b1558 @ Mon Aug  3 01:15:52 UTC 2026
